00:00 +0: loading /run/media/sywon/Datos/Projects/inktrack_proto/test/features/ventas/application/ventas_viewmodel_test.dart                                                                           00:01 +0: loading /run/media/sywon/Datos/Projects/inktrack_proto/test/features/ventas/application/ventas_viewmodel_test.dart                                                                           00:01 +0: VentasViewModel Business Logic Requirements TC-UNIT-01: Should register a valid sale and notify listeners                                                                                    00:01 +0 -1: VentasViewModel Business Logic Requirements TC-UNIT-01: Should register a valid sale and notify listeners [E]                                                                             
  Expected: <1>
    Actual: <0>
  List count should increase by 1
  
  package:matcher                                                   expect
  package:flutter_test/src/widget_tester.dart 473:18                expect
  test/features/ventas/application/ventas_viewmodel_test.dart 26:7  main.<fn>.<fn>
  

To run this test again: /home/sywon/develop/flutter/bin/cache/dart-sdk/bin/dart test /run/media/sywon/Datos/Projects/inktrack_proto/test/features/ventas/application/ventas_viewmodel_test.dart -p vm --plain-name 'VentasViewModel Business Logic Requirements TC-UNIT-01: Should register a valid sale and notify listeners'
00:01 +0 -1: VentasViewModel Business Logic Requirements TC-UNIT-02: Should calculate daily total correctly                                                                                            00:01 +0 -2: VentasViewModel Business Logic Requirements TC-UNIT-02: Should calculate daily total correctly [E]                                                                                        
  Expected: <225.5>
    Actual: <0.0>
  
  package:matcher                                                   expect
  package:flutter_test/src/widget_tester.dart 473:18                expect
  test/features/ventas/application/ventas_viewmodel_test.dart 46:7  main.<fn>.<fn>
  

To run this test again: /home/sywon/develop/flutter/bin/cache/dart-sdk/bin/dart test /run/media/sywon/Datos/Projects/inktrack_proto/test/features/ventas/application/ventas_viewmodel_test.dart -p vm --plain-name 'VentasViewModel Business Logic Requirements TC-UNIT-02: Should calculate daily total correctly'
00:01 +0 -2: VentasViewModel Business Logic Requirements TC-UNIT-03: Should NOT register sales with zero or negative amounts                                                                           00:01 +1 -2: VentasViewModel Business Logic Requirements TC-UNIT-03: Should NOT register sales with zero or negative amounts                                                                           00:01 +1 -2: Some tests failed.                                                                                                                                                                        
